[{"Name":"仁松","URL":"http://album.zhenai.com/u/1123226966","Gender":"男士"},{"Name":"离垢","URL":"http://album.zhenai.com/u/1794141465","Gender":"女士"},{"Name":"觉情决情绝情","URL":"http://album.zhenai.com/u/1280396161","Gender":"男士"},{"Name":"一首歌的时间","URL":"http://album.zhenai.com/u/1811535858","Gender":"男士"},{"Name":"小小蕾","URL":"http://album.zhenai.com/u/1482430654","Gender":"女士"},{"Name":"遇水寒","URL":"http://album.zhenai.com/u/1147192654","Gender":"男士"},{"Name":"始终微笑","URL":"http://album.zhenai.com/u/1929187152","Gender":"女士"},{"Name":"涅槃重生","URL":"http://album.zhenai.com/u/1461982552","Gender":"男士"},{"Name":"百家姓之首","URL":"http://album.zhenai.com/u/1476940249","Gender":"男士"},{"Name":"等的那个人","URL":"http://album.zhenai.com/u/1942315443","Gender":"女士"},{"Name":"红尘痴情儿","URL":"http://album.zhenai.com/u/1359807743","Gender":"男士"},{"Name":"一生等待","URL":"http://album.zhenai.com/u/1824131642","Gender":"女士"},{"Name":"雨和眼泪","URL":"http://album.zhenai.com/u/1288799141","Gender":"女士"},{"Name":"小婷吱","URL":"http://album.zhenai.com/u/1721271841","Gender":"女士"},{"Name":"宿小小","URL":"http://album.zhenai.com/u/1614136240","Gender":"男士"},{"Name":"流浪鸥","URL":"http://album.zhenai.com/u/1396274138","Gender":"男士"},{"Name":"想爱了","URL":"http://album.zhenai.com/u/1984861831","Gender":"男士"},{"Name":"摩羯座","URL":"http://album.zhenai.com/u/1180402029","Gender":"女士"},{"Name":"徐路","URL":"http://album.zhenai.com/u/1529481927","Gender":"女士"},{"Name":"夏天雨","URL":"http://album.zhenai.com/u/1290986825","Gender":"男士"}]